// Jest Snapshot v1, https://goo.gl/fbAQLP

exports[`Awards Screen matches the awards snapshot 1`] = `
<View
  style={
    {
      "flex": 1,
    }
  }
>
  <RNCSafeAreaProvider
    onInsetsChange={[Function]}
    style={
      [
        {
          "flex": 1,
        },
        undefined,
      ]
    }
  >
    <View
      style={
        [
          {
            "backgroundColor": "rgb(242, 242, 242)",
            "flex": 1,
          },
          undefined,
        ]
      }
    >
      <View
        collapsable={false}
        pointerEvents="box-none"
        style={
          {
            "zIndex": 1,
          }
        }
      >
        <View
          accessibilityElementsHidden={false}
          importantForAccessibility="auto"
          onLayout={[Function]}
          pointerEvents="box-none"
          style={null}
        >
          <View
            collapsable={false}
            pointerEvents="box-none"
            style={
              {
                "bottom": 0,
                "left": 0,
                "opacity": 1,
                "position": "absolute",
                "right": 0,
                "top": 0,
                "zIndex": 0,
              }
            }
          >
            <View
              collapsable={false}
              style={
                {
                  "backgroundColor": "rgb(255, 255, 255)",
                  "borderBottomColor": "rgb(216, 216, 216)",
                  "flex": 1,
                  "shadowColor": "rgb(216, 216, 216)",
                  "shadowOffset": {
                    "height": 0.5,
                    "width": 0,
                  },
                  "shadowOpacity": 0.85,
                  "shadowRadius": 0,
                }
              }
            />
          </View>
          <View
            collapsable={false}
            pointerEvents="box-none"
            style={
              {
                "height": 44,
                "maxHeight": undefined,
                "minHeight": undefined,
                "opacity": undefined,
                "transform": undefined,
              }
            }
          >
            <View
              pointerEvents="none"
              style={
                {
                  "height": 0,
                }
              }
            />
            <View
              pointerEvents="box-none"
              style={
                {
                  "alignItems": "stretch",
                  "flex": 1,
                  "flexDirection": "row",
                }
              }
            >
              <View
                collapsable={false}
                pointerEvents="box-none"
                style={
                  {
                    "alignItems": "flex-start",
                    "flexBasis": 0,
                    "flexGrow": 1,
                    "justifyContent": "center",
                    "marginStart": 0,
                    "opacity": 1,
                  }
                }
              />
              <View
                collapsable={false}
                pointerEvents="box-none"
                style={
                  {
                    "justifyContent": "center",
                    "marginHorizontal": 16,
                    "maxWidth": 718,
                    "opacity": 1,
                  }
                }
              >
                <Text
                  accessibilityRole="header"
                  aria-level="1"
                  collapsable={false}
                  numberOfLines={1}
                  onLayout={[Function]}
                  style={
                    {
                      "color": "rgb(28, 28, 30)",
                      "fontSize": 17,
                      "fontWeight": "600",
                    }
                  }
                >
                  Awards
                </Text>
              </View>
              <View
                collapsable={false}
                pointerEvents="box-none"
                style={
                  {
                    "alignItems": "flex-end",
                    "flexBasis": 0,
                    "flexGrow": 1,
                    "justifyContent": "center",
                    "marginEnd": 0,
                    "opacity": 1,
                  }
                }
              />
            </View>
          </View>
        </View>
      </View>
      <RNSScreenContainer
        onLayout={[Function]}
        style={
          {
            "flex": 1,
          }
        }
      >
        <RNSScreen
          activityState={2}
          collapsable={false}
          gestureResponseDistance={
            {
              "bottom": -1,
              "end": -1,
              "start": -1,
              "top": -1,
            }
          }
          pointerEvents="box-none"
          sheetAllowedDetents="large"
          sheetCornerRadius={-1}
          sheetExpandsWhenScrolledToEdge={true}
          sheetGrabberVisible={false}
          sheetLargestUndimmedDetent="all"
          style={
            {
              "bottom": 0,
              "left": 0,
              "position": "absolute",
              "right": 0,
              "top": 0,
            }
          }
        >
          <View
            collapsable={false}
            style={
              {
                "opacity": 1,
              }
            }
          />
          <View
            accessibilityElementsHidden={false}
            closing={false}
            collapsable={false}
            gestureVelocityImpact={0.3}
            importantForAccessibility="auto"
            onClose={[Function]}
            onGestureBegin={[Function]}
            onGestureCanceled={[Function]}
            onGestureEnd={[Function]}
            onOpen={[Function]}
            onTransition={[Function]}
            pointerEvents="box-none"
            style={
              [
                {
                  "display": "flex",
                  "overflow": undefined,
                },
                {
                  "bottom": 0,
                  "left": 0,
                  "position": "absolute",
                  "right": 0,
                  "top": 0,
                },
              ]
            }
            transitionSpec={
              {
                "close": {
                  "animation": "spring",
                  "config": {
                    "damping": 500,
                    "mass": 3,
                    "overshootClamping": true,
                    "restDisplacementThreshold": 10,
                    "restSpeedThreshold": 10,
                    "stiffness": 1000,
                  },
                },
                "open": {
                  "animation": "spring",
                  "config": {
                    "damping": 500,
                    "mass": 3,
                    "overshootClamping": true,
                    "restDisplacementThreshold": 10,
                    "restSpeedThreshold": 10,
                    "stiffness": 1000,
                  },
                },
              }
            }
          >
            <View
              collapsable={false}
              pointerEvents="box-none"
              style={
                {
                  "flex": 1,
                }
              }
            >
              <View
                collapsable={false}
                handlerTag={2}
                handlerType="PanGestureHandler"
                needsOffscreenAlphaCompositing={false}
                onGestureHandlerEvent={[Function]}
                onGestureHandlerStateChange={[Function]}
                style={
                  {
                    "flex": 1,
                    "transform": [
                      {
                        "translateX": 0,
                      },
                      {
                        "translateX": 0,
                      },
                    ],
                  }
                }
              >
                <View
                  pointerEvents="box-none"
                  style={
                    [
                      {
                        "flex": 1,
                        "overflow": "hidden",
                      },
                      [
                        {
                          "backgroundColor": "rgb(242, 242, 242)",
                        },
                        undefined,
                      ],
                    ]
                  }
                >
                  <View
                    style={
                      {
                        "flex": 1,
                        "flexDirection": "column-reverse",
                      }
                    }
                  >
                    <View
                      style={
                        {
                          "flex": 1,
                        }
                      }
                    >
                      <RCTScrollView
                        contentContainerStyle={
                          {
                            "alignItems": "center",
                            "height": "100%",
                            "justifyContent": "flex-start",
                          }
                        }
                      >
                        <View>
                          <View
                            style={
                              {
                                "alignItems": "center",
                                "flexDirection": "row",
                                "height": "10%",
                                "justifyContent": "space-around",
                                "paddingBottom": 10,
                                "paddingTop": 25,
                              }
                            }
                          >
                            <Text
                              allowFontScaling={false}
                              selectable={false}
                              style={
                                [
                                  {
                                    "color": "green",
                                    "fontSize": 24,
                                  },
                                  {
                                    "marginRight": 5,
                                  },
                                  {
                                    "fontFamily": "feather",
                                    "fontStyle": "normal",
                                    "fontWeight": "normal",
                                  },
                                  {},
                                ]
                              }
                            >
                              
                            </Text>
                            <Text
                              style={
                                {
                                  "fontSize": 14,
                                }
                              }
                            >
                              Completed
                            </Text>
                            <Text
                              allowFontScaling={false}
                              selectable={false}
                              style={
                                [
                                  {
                                    "color": "#FF815E",
                                    "fontSize": 24,
                                  },
                                  [
                                    {
                                      "marginRight": 5,
                                    },
                                    {
                                      "marginLeft": 32,
                                    },
                                  ],
                                  {
                                    "fontFamily": "feather",
                                    "fontStyle": "normal",
                                    "fontWeight": "normal",
                                  },
                                  {},
                                ]
                              }
                            >
                              
                            </Text>
                            <Text
                              style={
                                {
                                  "fontSize": 14,
                                }
                              }
                            >
                              Not Completed
                            </Text>
                          </View>
                          <View
                            style={
                              {
                                "height": "85%",
                                "padding": 20,
                                "width": "100%",
                              }
                            }
                          >
                            <View
                              style={
                                {
                                  "alignItems": "center",
                                  "backgroundColor": "white",
                                  "borderRadius": 12,
                                  "flexDirection": "row",
                                  "height": "10%",
                                  "justifyContent": "space-between",
                                  "marginBottom": "8%",
                                  "paddingHorizontal": 20,
                                  "paddingVertical": 12,
                                }
                              }
                            >
                              <Text
                                numberOfLines={1}
                                style={
                                  {
                                    "fontSize": 16,
                                    "fontWeight": "bold",
                                  }
                                }
                              >
                                10 Day Streak
                              </Text>
                              <View
                                testID="icon-section"
                              >
                                <Text
                                  allowFontScaling={false}
                                  selectable={false}
                                  style={
                                    [
                                      {
                                        "color": "#FF815E",
                                        "fontSize": 24,
                                      },
                                      undefined,
                                      {
                                        "fontFamily": "feather",
                                        "fontStyle": "normal",
                                        "fontWeight": "normal",
                                      },
                                      {},
                                    ]
                                  }
                                  testID="not-completed-icon"
                                >
                                  
                                </Text>
                              </View>
                            </View>
                            <View
                              style={
                                {
                                  "alignItems": "center",
                                  "backgroundColor": "white",
                                  "borderRadius": 12,
                                  "flexDirection": "row",
                                  "height": "10%",
                                  "justifyContent": "space-between",
                                  "marginBottom": "8%",
                                  "paddingHorizontal": 20,
                                  "paddingVertical": 12,
                                }
                              }
                            >
                              <Text
                                numberOfLines={1}
                                style={
                                  {
                                    "fontSize": 16,
                                    "fontWeight": "bold",
                                  }
                                }
                              >
                                5 Day Streak
                              </Text>
                              <View
                                testID="icon-section"
                              >
                                <Text
                                  allowFontScaling={false}
                                  selectable={false}
                                  style={
                                    [
                                      {
                                        "color": "#FF815E",
                                        "fontSize": 24,
                                      },
                                      undefined,
                                      {
                                        "fontFamily": "feather",
                                        "fontStyle": "normal",
                                        "fontWeight": "normal",
                                      },
                                      {},
                                    ]
                                  }
                                  testID="not-completed-icon"
                                >
                                  
                                </Text>
                              </View>
                            </View>
                            <View
                              style={
                                {
                                  "alignItems": "center",
                                  "backgroundColor": "white",
                                  "borderRadius": 12,
                                  "flexDirection": "row",
                                  "height": "10%",
                                  "justifyContent": "space-between",
                                  "marginBottom": "8%",
                                  "paddingHorizontal": 20,
                                  "paddingVertical": 12,
                                }
                              }
                            >
                              <Text
                                numberOfLines={1}
                                style={
                                  {
                                    "fontSize": 16,
                                    "fontWeight": "bold",
                                  }
                                }
                              >
                                25 Day Streak
                              </Text>
                              <View
                                testID="icon-section"
                              >
                                <Text
                                  allowFontScaling={false}
                                  selectable={false}
                                  style={
                                    [
                                      {
                                        "color": "#FF815E",
                                        "fontSize": 24,
                                      },
                                      undefined,
                                      {
                                        "fontFamily": "feather",
                                        "fontStyle": "normal",
                                        "fontWeight": "normal",
                                      },
                                      {},
                                    ]
                                  }
                                  testID="not-completed-icon"
                                >
                                  
                                </Text>
                              </View>
                            </View>
                            <View
                              style={
                                {
                                  "alignItems": "center",
                                  "backgroundColor": "white",
                                  "borderRadius": 12,
                                  "flexDirection": "row",
                                  "height": "10%",
                                  "justifyContent": "space-between",
                                  "marginBottom": "8%",
                                  "paddingHorizontal": 20,
                                  "paddingVertical": 12,
                                }
                              }
                            >
                              <Text
                                numberOfLines={1}
                                style={
                                  {
                                    "fontSize": 16,
                                    "fontWeight": "bold",
                                  }
                                }
                              >
                                Join Community
                              </Text>
                              <View
                                testID="icon-section"
                              >
                                <Text
                                  allowFontScaling={false}
                                  selectable={false}
                                  style={
                                    [
                                      {
                                        "color": "#FF815E",
                                        "fontSize": 24,
                                      },
                                      undefined,
                                      {
                                        "fontFamily": "feather",
                                        "fontStyle": "normal",
                                        "fontWeight": "normal",
                                      },
                                      {},
                                    ]
                                  }
                                  testID="not-completed-icon"
                                >
                                  
                                </Text>
                              </View>
                            </View>
                            <View
                              style={
                                {
                                  "alignItems": "center",
                                  "backgroundColor": "white",
                                  "borderRadius": 12,
                                  "flexDirection": "row",
                                  "height": "10%",
                                  "justifyContent": "space-between",
                                  "marginBottom": "8%",
                                  "paddingHorizontal": 20,
                                  "paddingVertical": 12,
                                }
                              }
                            >
                              <Text
                                numberOfLines={1}
                                style={
                                  {
                                    "fontSize": 16,
                                    "fontWeight": "bold",
                                  }
                                }
                              >
                                Make a Post
                              </Text>
                              <View
                                testID="icon-section"
                              >
                                <Text
                                  allowFontScaling={false}
                                  selectable={false}
                                  style={
                                    [
                                      {
                                        "color": "#FF815E",
                                        "fontSize": 24,
                                      },
                                      undefined,
                                      {
                                        "fontFamily": "feather",
                                        "fontStyle": "normal",
                                        "fontWeight": "normal",
                                      },
                                      {},
                                    ]
                                  }
                                  testID="not-completed-icon"
                                >
                                  
                                </Text>
                              </View>
                            </View>
                            <View
                              style={
                                {
                                  "alignItems": "center",
                                  "backgroundColor": "white",
                                  "borderRadius": 12,
                                  "flexDirection": "row",
                                  "height": "10%",
                                  "justifyContent": "space-between",
                                  "marginBottom": "8%",
                                  "paddingHorizontal": 20,
                                  "paddingVertical": 12,
                                }
                              }
                            >
                              <Text
                                numberOfLines={1}
                                style={
                                  {
                                    "fontSize": 16,
                                    "fontWeight": "bold",
                                  }
                                }
                              >
                                Make 5 Posts
                              </Text>
                              <View
                                testID="icon-section"
                              >
                                <Text
                                  allowFontScaling={false}
                                  selectable={false}
                                  style={
                                    [
                                      {
                                        "color": "#FF815E",
                                        "fontSize": 24,
                                      },
                                      undefined,
                                      {
                                        "fontFamily": "feather",
                                        "fontStyle": "normal",
                                        "fontWeight": "normal",
                                      },
                                      {},
                                    ]
                                  }
                                  testID="not-completed-icon"
                                >
                                  
                                </Text>
                              </View>
                            </View>
                            <View
                              style={
                                {
                                  "alignItems": "center",
                                  "backgroundColor": "white",
                                  "borderRadius": 12,
                                  "flexDirection": "row",
                                  "height": "10%",
                                  "justifyContent": "space-between",
                                  "marginBottom": "8%",
                                  "paddingHorizontal": 20,
                                  "paddingVertical": 12,
                                }
                              }
                            >
                              <Text
                                numberOfLines={1}
                                style={
                                  {
                                    "fontSize": 16,
                                    "fontWeight": "bold",
                                  }
                                }
                              >
                                Make 10 Posts
                              </Text>
                              <View
                                testID="icon-section"
                              >
                                <Text
                                  allowFontScaling={false}
                                  selectable={false}
                                  style={
                                    [
                                      {
                                        "color": "#FF815E",
                                        "fontSize": 24,
                                      },
                                      undefined,
                                      {
                                        "fontFamily": "feather",
                                        "fontStyle": "normal",
                                        "fontWeight": "normal",
                                      },
                                      {},
                                    ]
                                  }
                                  testID="not-completed-icon"
                                >
                                  
                                </Text>
                              </View>
                            </View>
                          </View>
                        </View>
                      </RCTScrollView>
                    </View>
                  </View>
                </View>
              </View>
            </View>
          </View>
        </RNSScreen>
      </RNSScreenContainer>
    </View>
  </RNCSafeAreaProvider>
</View>
`;
