// Jest Snapshot v1, https://goo.gl/fbAQLP

exports[`Learn More Subscreen matches the about snapshot 1`] = `
<View
  style={
    {
      "flex": 1,
    }
  }
>
  <RNCSafeAreaProvider
    onInsetsChange={[Function]}
    style={
      [
        {
          "flex": 1,
        },
        undefined,
      ]
    }
  >
    <View
      style={
        [
          {
            "backgroundColor": "rgb(242, 242, 242)",
            "flex": 1,
          },
          undefined,
        ]
      }
    >
      <View
        collapsable={false}
        pointerEvents="box-none"
        style={
          {
            "zIndex": 1,
          }
        }
      >
        <View
          accessibilityElementsHidden={false}
          importantForAccessibility="auto"
          onLayout={[Function]}
          pointerEvents="box-none"
          style={null}
        >
          <View
            collapsable={false}
            pointerEvents="box-none"
            style={
              {
                "bottom": 0,
                "left": 0,
                "opacity": 1,
                "position": "absolute",
                "right": 0,
                "top": 0,
                "zIndex": 0,
              }
            }
          >
            <View
              collapsable={false}
              style={
                {
                  "backgroundColor": "rgb(255, 255, 255)",
                  "borderBottomColor": "rgb(216, 216, 216)",
                  "flex": 1,
                  "shadowColor": "rgb(216, 216, 216)",
                  "shadowOffset": {
                    "height": 0.5,
                    "width": 0,
                  },
                  "shadowOpacity": 0.85,
                  "shadowRadius": 0,
                }
              }
            />
          </View>
          <View
            collapsable={false}
            pointerEvents="box-none"
            style={
              {
                "height": 44,
                "maxHeight": undefined,
                "minHeight": undefined,
                "opacity": undefined,
                "transform": undefined,
              }
            }
          >
            <View
              pointerEvents="none"
              style={
                {
                  "height": 0,
                }
              }
            />
            <View
              pointerEvents="box-none"
              style={
                {
                  "alignItems": "stretch",
                  "flex": 1,
                  "flexDirection": "row",
                }
              }
            >
              <View
                collapsable={false}
                pointerEvents="box-none"
                style={
                  {
                    "alignItems": "flex-start",
                    "flexBasis": 0,
                    "flexGrow": 1,
                    "justifyContent": "center",
                    "marginStart": 0,
                    "opacity": 1,
                  }
                }
              />
              <View
                collapsable={false}
                pointerEvents="box-none"
                style={
                  {
                    "justifyContent": "center",
                    "marginHorizontal": 16,
                    "maxWidth": 718,
                    "opacity": 1,
                  }
                }
              >
                <Text
                  accessibilityRole="header"
                  aria-level="1"
                  collapsable={false}
                  numberOfLines={1}
                  onLayout={[Function]}
                  style={
                    {
                      "color": "rgb(28, 28, 30)",
                      "fontSize": 17,
                      "fontWeight": "600",
                    }
                  }
                >
                  LearnMore
                </Text>
              </View>
              <View
                collapsable={false}
                pointerEvents="box-none"
                style={
                  {
                    "alignItems": "flex-end",
                    "flexBasis": 0,
                    "flexGrow": 1,
                    "justifyContent": "center",
                    "marginEnd": 0,
                    "opacity": 1,
                  }
                }
              />
            </View>
          </View>
        </View>
      </View>
      <RNSScreenContainer
        onLayout={[Function]}
        style={
          {
            "flex": 1,
          }
        }
      >
        <RNSScreen
          activityState={2}
          collapsable={false}
          gestureResponseDistance={
            {
              "bottom": -1,
              "end": -1,
              "start": -1,
              "top": -1,
            }
          }
          pointerEvents="box-none"
          sheetAllowedDetents="large"
          sheetCornerRadius={-1}
          sheetExpandsWhenScrolledToEdge={true}
          sheetGrabberVisible={false}
          sheetLargestUndimmedDetent="all"
          style={
            {
              "bottom": 0,
              "left": 0,
              "position": "absolute",
              "right": 0,
              "top": 0,
            }
          }
        >
          <View
            collapsable={false}
            style={
              {
                "opacity": 1,
              }
            }
          />
          <View
            accessibilityElementsHidden={false}
            closing={false}
            collapsable={false}
            gestureVelocityImpact={0.3}
            importantForAccessibility="auto"
            onClose={[Function]}
            onGestureBegin={[Function]}
            onGestureCanceled={[Function]}
            onGestureEnd={[Function]}
            onOpen={[Function]}
            onTransition={[Function]}
            pointerEvents="box-none"
            style={
              [
                {
                  "display": "flex",
                  "overflow": undefined,
                },
                {
                  "bottom": 0,
                  "left": 0,
                  "position": "absolute",
                  "right": 0,
                  "top": 0,
                },
              ]
            }
            transitionSpec={
              {
                "close": {
                  "animation": "spring",
                  "config": {
                    "damping": 500,
                    "mass": 3,
                    "overshootClamping": true,
                    "restDisplacementThreshold": 10,
                    "restSpeedThreshold": 10,
                    "stiffness": 1000,
                  },
                },
                "open": {
                  "animation": "spring",
                  "config": {
                    "damping": 500,
                    "mass": 3,
                    "overshootClamping": true,
                    "restDisplacementThreshold": 10,
                    "restSpeedThreshold": 10,
                    "stiffness": 1000,
                  },
                },
              }
            }
          >
            <View
              collapsable={false}
              pointerEvents="box-none"
              style={
                {
                  "flex": 1,
                }
              }
            >
              <View
                collapsable={false}
                handlerTag={2}
                handlerType="PanGestureHandler"
                needsOffscreenAlphaCompositing={false}
                onGestureHandlerEvent={[Function]}
                onGestureHandlerStateChange={[Function]}
                style={
                  {
                    "flex": 1,
                    "transform": [
                      {
                        "translateX": 0,
                      },
                      {
                        "translateX": 0,
                      },
                    ],
                  }
                }
              >
                <View
                  pointerEvents="box-none"
                  style={
                    [
                      {
                        "flex": 1,
                        "overflow": "hidden",
                      },
                      [
                        {
                          "backgroundColor": "rgb(242, 242, 242)",
                        },
                        undefined,
                      ],
                    ]
                  }
                >
                  <View
                    style={
                      {
                        "flex": 1,
                        "flexDirection": "column-reverse",
                      }
                    }
                  >
                    <View
                      style={
                        {
                          "flex": 1,
                        }
                      }
                    >
                      <View>
                        <RCTScrollView
                          style={
                            {
                              "borderRadius": 10,
                              "width": "100%",
                            }
                          }
                        >
                          <View>
                            <Text
                              style={
                                {
                                  "alignSelf": "flex-start",
                                  "color": "#FF815E",
                                  "fontFamily": "Montserrat_700Bold",
                                  "fontSize": 20,
                                  "fontWeight": "700",
                                  "left": "4%",
                                  "marginBottom": 12,
                                  "marginTop": 8,
                                }
                              }
                            >
                              Understanding Nutrition
                            </Text>
                            <View
                              style={
                                {
                                  "alignSelf": "center",
                                  "backgroundColor": "white",
                                  "borderRadius": 10,
                                  "elevation": 5,
                                  "height": "auto",
                                  "marginBottom": 10,
                                  "padding": 18,
                                  "shadowColor": "#000",
                                  "shadowOffset": {
                                    "height": 2,
                                    "width": 0,
                                  },
                                  "shadowOpacity": 0.25,
                                  "shadowRadius": 3.84,
                                  "width": "95%",
                                }
                              }
                            >
                              <Text
                                style={
                                  {
                                    "fontFamily": "Montserrat_700Bold",
                                    "fontWeight": "bold",
                                    "marginBottom": 6,
                                  }
                                }
                              >
                                Calories (kcal):
                              </Text>
                              <Text
                                style={
                                  {
                                    "fontSize": 15,
                                  }
                                }
                              >
                                Calories are units of energy that measure how much energy food provides to the body. They are essential for daily activities and bodily functions.
                              </Text>
                            </View>
                            <View
                              style={
                                {
                                  "alignSelf": "center",
                                  "backgroundColor": "white",
                                  "borderRadius": 10,
                                  "elevation": 5,
                                  "height": "auto",
                                  "marginBottom": 10,
                                  "padding": 18,
                                  "shadowColor": "#000",
                                  "shadowOffset": {
                                    "height": 2,
                                    "width": 0,
                                  },
                                  "shadowOpacity": 0.25,
                                  "shadowRadius": 3.84,
                                  "width": "95%",
                                }
                              }
                            >
                              <Text
                                style={
                                  {
                                    "fontFamily": "Montserrat_700Bold",
                                    "fontWeight": "bold",
                                    "marginBottom": 6,
                                  }
                                }
                              >
                                Carbohydrates (g):
                              </Text>
                              <Text
                                style={
                                  {
                                    "fontSize": 15,
                                  }
                                }
                              >
                                The body's main source of energy, broken down into glucose. Found in fruits, vegetables, breads, and cereals.
                              </Text>
                            </View>
                            <View
                              style={
                                {
                                  "alignSelf": "center",
                                  "backgroundColor": "white",
                                  "borderRadius": 10,
                                  "elevation": 5,
                                  "height": "auto",
                                  "marginBottom": 10,
                                  "padding": 18,
                                  "shadowColor": "#000",
                                  "shadowOffset": {
                                    "height": 2,
                                    "width": 0,
                                  },
                                  "shadowOpacity": 0.25,
                                  "shadowRadius": 3.84,
                                  "width": "95%",
                                }
                              }
                            >
                              <Text
                                style={
                                  {
                                    "fontFamily": "Montserrat_700Bold",
                                    "fontWeight": "bold",
                                    "marginBottom": 6,
                                  }
                                }
                              >
                                Protein (g):
                              </Text>
                              <Text
                                style={
                                  {
                                    "fontSize": 15,
                                  }
                                }
                              >
                                Essential for building tissues, making enzymes, and supporting immune function. Good sources include meat, fish, dairy, legumes, and nuts.
                              </Text>
                            </View>
                            <View
                              style={
                                {
                                  "alignSelf": "center",
                                  "backgroundColor": "white",
                                  "borderRadius": 10,
                                  "elevation": 5,
                                  "height": "auto",
                                  "marginBottom": 10,
                                  "padding": 18,
                                  "shadowColor": "#000",
                                  "shadowOffset": {
                                    "height": 2,
                                    "width": 0,
                                  },
                                  "shadowOpacity": 0.25,
                                  "shadowRadius": 3.84,
                                  "width": "95%",
                                }
                              }
                            >
                              <Text
                                style={
                                  {
                                    "fontFamily": "Montserrat_700Bold",
                                    "fontWeight": "bold",
                                    "marginBottom": 6,
                                  }
                                }
                              >
                                Fats (g):
                              </Text>
                              <Text
                                style={
                                  {
                                    "fontSize": 15,
                                  }
                                }
                              >
                                Important for cell growth, organ protection, and nutrient absorption. Includes saturated and unsaturated fats, found in oils, butter, avocado, and fish.
                              </Text>
                            </View>
                            <View
                              style={
                                {
                                  "alignSelf": "center",
                                  "backgroundColor": "white",
                                  "borderRadius": 10,
                                  "elevation": 5,
                                  "height": "auto",
                                  "marginBottom": 10,
                                  "padding": 18,
                                  "shadowColor": "#000",
                                  "shadowOffset": {
                                    "height": 2,
                                    "width": 0,
                                  },
                                  "shadowOpacity": 0.25,
                                  "shadowRadius": 3.84,
                                  "width": "95%",
                                }
                              }
                            >
                              <Text
                                style={
                                  {
                                    "fontFamily": "Montserrat_700Bold",
                                    "fontWeight": "bold",
                                    "marginBottom": 6,
                                  }
                                }
                              >
                                Fibre (g):
                              </Text>
                              <Text
                                style={
                                  {
                                    "fontSize": 15,
                                  }
                                }
                              >
                                A type of carbohydrate that the body can't digest. It helps regulate the body's use of sugars, helping to keep hunger and blood sugar in check.
                              </Text>
                            </View>
                            <View
                              style={
                                {
                                  "alignSelf": "center",
                                  "backgroundColor": "white",
                                  "borderRadius": 10,
                                  "elevation": 5,
                                  "height": "auto",
                                  "marginBottom": 10,
                                  "padding": 18,
                                  "shadowColor": "#000",
                                  "shadowOffset": {
                                    "height": 2,
                                    "width": 0,
                                  },
                                  "shadowOpacity": 0.25,
                                  "shadowRadius": 3.84,
                                  "width": "95%",
                                }
                              }
                            >
                              <Text
                                style={
                                  {
                                    "fontFamily": "Montserrat_700Bold",
                                    "fontWeight": "bold",
                                    "marginBottom": 6,
                                  }
                                }
                              >
                                Water (ml):
                              </Text>
                              <Text
                                style={
                                  {
                                    "fontSize": 15,
                                  }
                                }
                              >
                                Crucial for life, water aids in digestion, absorption, circulation, and excretion. It regulates body temperature and maintains electrolyte balance.
                              </Text>
                            </View>
                            <View
                              style={
                                {
                                  "alignSelf": "center",
                                  "backgroundColor": "white",
                                  "borderRadius": 10,
                                  "elevation": 5,
                                  "height": "auto",
                                  "marginBottom": 10,
                                  "padding": 18,
                                  "shadowColor": "#000",
                                  "shadowOffset": {
                                    "height": 2,
                                    "width": 0,
                                  },
                                  "shadowOpacity": 0.25,
                                  "shadowRadius": 3.84,
                                  "width": "95%",
                                }
                              }
                            >
                              <Text
                                style={
                                  {
                                    "fontFamily": "Montserrat_700Bold",
                                    "fontWeight": "bold",
                                    "marginBottom": 6,
                                  }
                                }
                              >
                                Sugars (g):
                              </Text>
                              <Text
                                style={
                                  {
                                    "fontSize": 15,
                                  }
                                }
                              >
                                Simple carbohydrates that provide a quick source of energy. Found in fruits, vegetables, and dairy products.
                              </Text>
                            </View>
                            <View
                              style={
                                {
                                  "alignSelf": "center",
                                  "backgroundColor": "white",
                                  "borderRadius": 10,
                                  "elevation": 5,
                                  "height": "auto",
                                  "marginBottom": 10,
                                  "padding": 18,
                                  "shadowColor": "#000",
                                  "shadowOffset": {
                                    "height": 2,
                                    "width": 0,
                                  },
                                  "shadowOpacity": 0.25,
                                  "shadowRadius": 3.84,
                                  "width": "95%",
                                }
                              }
                            >
                              <Text
                                style={
                                  {
                                    "fontFamily": "Montserrat_700Bold",
                                    "fontWeight": "bold",
                                    "marginBottom": 6,
                                  }
                                }
                              >
                                Sodium (mg):
                              </Text>
                              <Text
                                style={
                                  {
                                    "fontSize": 15,
                                  }
                                }
                              >
                                An essential mineral that helps maintain the body's fluid balance. Found in salt, processed foods, and condiments.
                              </Text>
                            </View>
                            <View
                              style={
                                {
                                  "alignSelf": "center",
                                  "backgroundColor": "white",
                                  "borderRadius": 10,
                                  "elevation": 5,
                                  "height": "auto",
                                  "marginBottom": 10,
                                  "padding": 18,
                                  "shadowColor": "#000",
                                  "shadowOffset": {
                                    "height": 2,
                                    "width": 0,
                                  },
                                  "shadowOpacity": 0.25,
                                  "shadowRadius": 3.84,
                                  "width": "95%",
                                }
                              }
                            >
                              <Text
                                style={
                                  {
                                    "fontFamily": "Montserrat_700Bold",
                                    "fontWeight": "bold",
                                    "marginBottom": 6,
                                  }
                                }
                              >
                                Micronutrients
                                

                                (Vitamins & Minerals):
                              </Text>
                              <Text
                                style={
                                  {
                                    "fontSize": 15,
                                  }
                                }
                              >
                                Vital for health, development, and disease prevention. Vitamins support immune function and energy production, while minerals are important for growth, bone health, and fluid balance.
                              </Text>
                            </View>
                          </View>
                        </RCTScrollView>
                      </View>
                    </View>
                  </View>
                </View>
              </View>
            </View>
          </View>
        </RNSScreen>
      </RNSScreenContainer>
    </View>
  </RNCSafeAreaProvider>
</View>
`;
